{"sessionId":"8686de","hypothesisId":"A","location":"HealthNutritionRiskController::index","message":"index_enter","data":{"uri":"\/evaluasi-well\/health-nutrition"},"timestamp":1785046792176}
{"sessionId":"8686de","hypothesisId":"A","location":"HealthNutritionRiskService::buildDataset","message":"bewell_isUp","data":{"up":true,"ms":1750},"timestamp":1785046793975}
{"sessionId":"8686de","hypothesisId":"B","location":"HealthNutritionRiskService::buildDataset","message":"cache_check","data":{"hit":false,"key_suffix":"79027396"},"timestamp":1785046794008}
{"sessionId":"8686de","hypothesisId":"B","location":"HealthNutritionRiskService::buildDataset","message":"after_mcu_fetch","data":{"ms":5660,"mcu_rows":11807},"timestamp":1785046799671}
{"sessionId":"8686de","hypothesisId":"C","location":"HealthNutritionRiskService::buildDataset","message":"after_map","data":{"ms":6028,"mapped":8751},"timestamp":1785046805702}
{"sessionId":"8686de","hypothesisId":"D","location":"HealthNutritionRiskService::buildDataset","message":"after_diet_eval","data":{"ms":3557,"user_ids":8751},"timestamp":1785046809471,"runId":"post-fix"}
{"sessionId":"8686de","hypothesisId":"E","location":"HealthNutritionRiskService::buildDataset","message":"after_purine_batch","data":{"ms":642,"uric_users":1429,"purine_hits":2},"timestamp":1785046810131,"runId":"post-fix"}
{"sessionId":"8686de","hypothesisId":"E","location":"HealthNutritionRiskService::buildDataset","message":"after_priority_loop","data":{"ms":817,"purine_mode":"batch","p1":8745,"p2":6},"timestamp":1785046810290,"runId":"post-fix"}
{"sessionId":"8686de","hypothesisId":"E","location":"HealthNutritionRiskService::buildDataset","message":"after_p3","data":{"ms":2648,"p3":155,"total_build_ms":20714},"timestamp":1785046812939,"runId":"post-fix"}
{"sessionId":"8686de","hypothesisId":"A","location":"HealthNutritionRiskController::index","message":"index_exit","data":{"ms":22067,"mcuUp":true,"bewellUp":true,"mcuAbnormal":8751},"timestamp":1785046814243}
{"sessionId":"8686de","hypothesisId":"A","location":"HealthNutritionRiskService::buildDataset","message":"bewell_isUp","data":{"up":true,"ms":1060},"timestamp":1785046821191}
{"sessionId":"8686de","hypothesisId":"B","location":"HealthNutritionRiskService::buildDataset","message":"cache_check","data":{"hit":true,"key_suffix":"79027396"},"timestamp":1785046821403}
{"sessionId":"8686de","hypothesisId":"E","location":"HealthNutritionRiskService::buildDataset","message":"after_priority_loop","data":{"ms":1832737,"purine_calls":5306,"p1":5304,"p2":2},"timestamp":1785047498114}
{"sessionId":"8686de","hypothesisId":"E","location":"HealthNutritionRiskService::buildDataset","message":"after_p3","data":{"ms":2961,"p3":186,"total_build_ms":1876113},"timestamp":1785047501085}
{"sessionId":"8686de","hypothesisId":"B","location":"cli_repro","message":"dashboard_done","data":{"ms":1878653,"total_ms":1886407,"bewellUp":true,"mcuUp":true,"mcu_abnormal":5306,"p1":5304,"p2":2,"p3":186},"timestamp":1785047503617,"runId":"cli-repro"}
{"sessionId":"8686de","hypothesisId":"E","location":"HealthNutritionRiskService::buildDataset","message":"after_priority_loop","data":{"ms":1833886,"purine_calls":5306,"p1":5304,"p2":2},"timestamp":1785047511519}
{"sessionId":"8686de","hypothesisId":"E","location":"HealthNutritionRiskService::buildDataset","message":"after_p3","data":{"ms":3028,"p3":186,"total_build_ms":1867721},"timestamp":1785047514552}
{"sessionId":"8686de","hypothesisId":"B","location":"cli_repro","message":"dashboard_done","data":{"ms":1870252,"total_ms":1891834,"bewellUp":true,"mcuUp":true,"mcu_abnormal":5306,"p1":5304,"p2":2,"p3":186},"timestamp":1785047517080,"runId":"cli-repro"}
{"sessionId":"8686de","hypothesisId":"A","location":"HealthNutritionRiskController::index","message":"index_enter","data":{"uri":"\/evaluasi-well\/health-nutrition"},"timestamp":1785048549698}
{"sessionId":"8686de","hypothesisId":"A","location":"HealthNutritionRiskService::buildDataset","message":"bewell_isUp","data":{"up":true,"ms":817},"timestamp":1785048550628}
{"sessionId":"8686de","hypothesisId":"B","location":"HealthNutritionRiskService::buildDataset","message":"cache_check","data":{"hit":false,"key_suffix":"79027396"},"timestamp":1785048551119}
{"sessionId":"8686de","hypothesisId":"B","location":"HealthNutritionRiskService::buildDataset","message":"after_mcu_fetch","data":{"ms":6423,"mcu_rows":11820},"timestamp":1785048557594}
{"sessionId":"8686de","hypothesisId":"C","location":"HealthNutritionRiskService::buildDataset","message":"after_map","data":{"ms":6632,"mapped":8747},"timestamp":1785048564228}
{"sessionId":"8686de","hypothesisId":"D","location":"HealthNutritionRiskService::buildDataset","message":"after_diet_eval","data":{"ms":3475,"user_ids":8747},"timestamp":1785048568064,"runId":"post-fix"}
{"sessionId":"8686de","hypothesisId":"E","location":"HealthNutritionRiskService::buildDataset","message":"after_purine_batch","data":{"ms":588,"uric_users":1434,"purine_hits":2},"timestamp":1785048568663,"runId":"post-fix"}
{"sessionId":"8686de","hypothesisId":"E","location":"HealthNutritionRiskService::buildDataset","message":"after_priority_loop","data":{"ms":737,"purine_mode":"batch","p1":8742,"p2":5},"timestamp":1785048568802,"runId":"post-fix"}
{"sessionId":"8686de","hypothesisId":"E","location":"HealthNutritionRiskService::buildDataset","message":"after_p3","data":{"ms":2183,"p3":156,"total_build_ms":21176},"timestamp":1785048570986,"runId":"post-fix"}
{"sessionId":"8686de","hypothesisId":"A","location":"HealthNutritionRiskController::index","message":"index_exit","data":{"ms":22163,"mcuUp":true,"bewellUp":true,"mcuAbnormal":8747},"timestamp":1785048571861}
{"sessionId":"8686de","hypothesisId":"A","location":"HealthNutritionRiskService::buildDataset","message":"bewell_isUp","data":{"up":true,"ms":686},"timestamp":1785048576063}
{"sessionId":"8686de","hypothesisId":"B","location":"HealthNutritionRiskService::buildDataset","message":"cache_check","data":{"hit":true,"key_suffix":"79027396"},"timestamp":1785048576219}
